#-----------------------------------------------------------
# Vivado v2023.1 (64-bit)
# SW Build 3865809 on Sun May  7 15:05:29 MDT 2023
# IP Build 3864474 on Sun May  7 20:36:21 MDT 2023
# SharedData Build 3865790 on Sun May 07 13:33:03 MDT 2023
# Start of session at: Tue Jan  2 22:17:18 2024
# Process ID: 3552
# Current directory: C:/Users/G731/OneDrive/Escritorio/Universidad/CUARTO/1er CUATRI/SED/project_3
# Command line: vivado.exe -gui_launcher_event rodinguilauncherevent3352 C:\Users\G731\OneDrive\Escritorio\Universidad\CUARTO\1er CUATRI\SED\project_3\project_3.xpr
# Log file: C:/Users/G731/OneDrive/Escritorio/Universidad/CUARTO/1er CUATRI/SED/project_3/vivado.log
# Journal file: C:/Users/G731/OneDrive/Escritorio/Universidad/CUARTO/1er CUATRI/SED/project_3\vivado.jou
# Running On: LAPTOP-M2QP75QN, OS: Windows, CPU Frequency: 2592 MHz, CPU Physical cores: 6, Host memory: 17023 MB
#-----------------------------------------------------------
start_gui
open_project {C:/Users/G731/OneDrive/Escritorio/Universidad/CUARTO/1er CUATRI/SED/project_3/project_3.xpr}
update_compile_order -fileset sources_1
reset_run synth_1
launch_runs impl_1 -jobs 6
wait_on_run impl_1
reset_run synth_1
launch_runs impl_1 -jobs 6
wait_on_run impl_1
open_run impl_1
open_run synth_1 -name synth_1
current_design impl_1
reset_run impl_1
launch_runs impl_1 -jobs 6
wait_on_run impl_1
close_design
close_design
open_run impl_1
open_run synth_1 -name synth_1
reset_run synth_1
launch_runs impl_1 -jobs 6
wait_on_run impl_1
reset_run synth_1
launch_runs impl_1 -jobs 6
wait_on_run impl_1
current_design impl_1
refresh_design
close_design
